// Jest Snapshot v1, https://goo.gl/fbAQLP

exports[`Renders empty div when no content 1`] = `<div />`;
